2026-05-08 06:39:28 +00:00: 
2026-05-08 06:39:28 +00:00: > demo-website@0.1.0 start
2026-05-08 06:39:28 +00:00: > next start
2026-05-08 06:39:28 +00:00: 
2026-05-08 06:39:29 +00:00: ▲ Next.js 16.1.1
2026-05-08 06:39:29 +00:00: - Local:         http://localhost:3004
2026-05-08 06:39:29 +00:00: - Network:       http://72.61.127.174:3004
2026-05-08 06:39:29 +00:00: 
2026-05-08 06:39:29 +00:00: ✓ Starting...
2026-05-08 06:39:29 +00:00: ✓ Ready in 1175ms
2026-05-08 06:49:59 +00:00: 
2026-05-08 06:49:59 +00:00: > chinese-revision-app-website@0.1.0 start
2026-05-08 06:49:59 +00:00: > next start
2026-05-08 06:49:59 +00:00: 
2026-05-08 06:50:00 +00:00: ▲ Next.js 16.1.1
2026-05-08 06:50:00 +00:00: - Local:         http://localhost:3004
2026-05-08 06:50:00 +00:00: - Network:       http://72.61.127.174:3004
2026-05-08 06:50:00 +00:00: 
2026-05-08 06:50:00 +00:00: ✓ Starting...
2026-05-08 06:50:01 +00:00: ✓ Ready in 1069ms
